Archive member included because of file (symbol)

c:/program files (x86)/atmel/avr studio 5.0/avr toolchain/bin/../lib/gcc/avr/4.5.1/avr5\libgcc.a(_udivmodsi4.o)
                              Drivers/uart.o (__udivmodsi4)
c:/program files (x86)/atmel/avr studio 5.0/avr toolchain/bin/../lib/gcc/avr/4.5.1/avr5\libgcc.a(_exit.o)
                              c:/program files (x86)/atmel/avr studio 5.0/avr toolchain/bin/../lib/gcc/avr/4.5.1/../../../../avr/lib/avr5/crtm32.o (exit)
c:/program files (x86)/atmel/avr studio 5.0/avr toolchain/bin/../lib/gcc/avr/4.5.1/avr5\libgcc.a(_clear_bss.o)
                              IR_drivers/IR.o (__do_clear_bss)
c:/program files (x86)/atmel/avr studio 5.0/avr toolchain/bin/../lib/gcc/avr/4.5.1/avr5\libgcc.a(_fixunssfsi.o)
                              Drivers/lcd162.o (__fixunssfsi)
c:/program files (x86)/atmel/avr studio 5.0/avr toolchain/bin/../lib/gcc/avr/4.5.1/avr5\libgcc.a(_addsub_sf.o)
                              c:/program files (x86)/atmel/avr studio 5.0/avr toolchain/bin/../lib/gcc/avr/4.5.1/avr5\libgcc.a(_fixunssfsi.o) (__subsf3)
c:/program files (x86)/atmel/avr studio 5.0/avr toolchain/bin/../lib/gcc/avr/4.5.1/avr5\libgcc.a(_mul_sf.o)
                              Drivers/lcd162.o (__mulsf3)
c:/program files (x86)/atmel/avr studio 5.0/avr toolchain/bin/../lib/gcc/avr/4.5.1/avr5\libgcc.a(_gt_sf.o)
                              Drivers/lcd162.o (__gtsf2)
c:/program files (x86)/atmel/avr studio 5.0/avr toolchain/bin/../lib/gcc/avr/4.5.1/avr5\libgcc.a(_ge_sf.o)
                              c:/program files (x86)/atmel/avr studio 5.0/avr toolchain/bin/../lib/gcc/avr/4.5.1/avr5\libgcc.a(_fixunssfsi.o) (__gesf2)
c:/program files (x86)/atmel/avr studio 5.0/avr toolchain/bin/../lib/gcc/avr/4.5.1/avr5\libgcc.a(_lt_sf.o)
                              Drivers/lcd162.o (__ltsf2)
c:/program files (x86)/atmel/avr studio 5.0/avr toolchain/bin/../lib/gcc/avr/4.5.1/avr5\libgcc.a(_si_to_sf.o)
                              IR_drivers/IR.o (__floatsisf)
c:/program files (x86)/atmel/avr studio 5.0/avr toolchain/bin/../lib/gcc/avr/4.5.1/avr5\libgcc.a(_sf_to_si.o)
                              IR_drivers/IR.o (__fixsfsi)
c:/program files (x86)/atmel/avr studio 5.0/avr toolchain/bin/../lib/gcc/avr/4.5.1/avr5\libgcc.a(_thenan_sf.o)
                              c:/program files (x86)/atmel/avr studio 5.0/avr toolchain/bin/../lib/gcc/avr/4.5.1/avr5\libgcc.a(_addsub_sf.o) (__thenan_sf)
c:/program files (x86)/atmel/avr studio 5.0/avr toolchain/bin/../lib/gcc/avr/4.5.1/avr5\libgcc.a(_prologue.o)
                              c:/program files (x86)/atmel/avr studio 5.0/avr toolchain/bin/../lib/gcc/avr/4.5.1/avr5\libgcc.a(_addsub_sf.o) (__prologue_saves__)
c:/program files (x86)/atmel/avr studio 5.0/avr toolchain/bin/../lib/gcc/avr/4.5.1/avr5\libgcc.a(_epilogue.o)
                              c:/program files (x86)/atmel/avr studio 5.0/avr toolchain/bin/../lib/gcc/avr/4.5.1/avr5\libgcc.a(_addsub_sf.o) (__epilogue_restores__)
c:/program files (x86)/atmel/avr studio 5.0/avr toolchain/bin/../lib/gcc/avr/4.5.1/avr5\libgcc.a(_copy_data.o)
                              c:/program files (x86)/atmel/avr studio 5.0/avr toolchain/bin/../lib/gcc/avr/4.5.1/avr5\libgcc.a(_thenan_sf.o) (__do_copy_data)
c:/program files (x86)/atmel/avr studio 5.0/avr toolchain/bin/../lib/gcc/avr/4.5.1/avr5\libgcc.a(_clzsi2.o)
                              c:/program files (x86)/atmel/avr studio 5.0/avr toolchain/bin/../lib/gcc/avr/4.5.1/avr5\libgcc.a(_si_to_sf.o) (__clzsi2)
c:/program files (x86)/atmel/avr studio 5.0/avr toolchain/bin/../lib/gcc/avr/4.5.1/avr5\libgcc.a(_pack_sf.o)
                              c:/program files (x86)/atmel/avr studio 5.0/avr toolchain/bin/../lib/gcc/avr/4.5.1/avr5\libgcc.a(_addsub_sf.o) (__pack_f)
c:/program files (x86)/atmel/avr studio 5.0/avr toolchain/bin/../lib/gcc/avr/4.5.1/avr5\libgcc.a(_unpack_sf.o)
                              c:/program files (x86)/atmel/avr studio 5.0/avr toolchain/bin/../lib/gcc/avr/4.5.1/avr5\libgcc.a(_addsub_sf.o) (__unpack_f)
c:/program files (x86)/atmel/avr studio 5.0/avr toolchain/bin/../lib/gcc/avr/4.5.1/avr5\libgcc.a(_fpcmp_parts_sf.o)
                              c:/program files (x86)/atmel/avr studio 5.0/avr toolchain/bin/../lib/gcc/avr/4.5.1/avr5\libgcc.a(_gt_sf.o) (__fpcmp_parts_f)
c:/program files (x86)/atmel/avr studio 5.0/avr toolchain/bin/../lib/gcc/avr/4.5.1/avr5\libgcc.a(_clz.o)
                              c:/program files (x86)/atmel/avr studio 5.0/avr toolchain/bin/../lib/gcc/avr/4.5.1/avr5\libgcc.a(_clzsi2.o) (__clz_tab)
c:/program files (x86)/atmel/avr studio 5.0/avr toolchain/bin/../lib/gcc/avr/4.5.1/../../../../avr/lib/avr5\libc.a(itoa.o)
                              Drivers/lcd162.o (itoa)
c:/program files (x86)/atmel/avr studio 5.0/avr toolchain/bin/../lib/gcc/avr/4.5.1/../../../../avr/lib/avr5\libc.a(strrev.o)
                              c:/program files (x86)/atmel/avr studio 5.0/avr toolchain/bin/../lib/gcc/avr/4.5.1/../../../../avr/lib/avr5\libc.a(itoa.o) (strrev)
c:/program files (x86)/atmel/avr studio 5.0/avr toolchain/bin/../lib/gcc/avr/4.5.1/avr5\libgcc.a(_udivmodhi4.o)
                              c:/program files (x86)/atmel/avr studio 5.0/avr toolchain/bin/../lib/gcc/avr/4.5.1/../../../../avr/lib/avr5\libc.a(itoa.o) (__udivmodhi4)

Allocating common symbols
Common symbol       size              file

hold_bit            0x1               IR_drivers/IR.o
first_start_bit     0x1               IR_drivers/IR.o
one_value_bit       0x1               IR_drivers/IR.o
input_state         0x1               IR_drivers/IR.o
half_bit_time       0x2               IR_drivers/IR.o
adr                 0x1               IR_drivers/IR.o
three_quarter_bit_time
                    0x2               IR_drivers/IR.o
zero_value_bit      0x1               IR_drivers/IR.o
meaurering_count    0x2               IR_drivers/IR.o
cmd                 0x1               IR_drivers/IR.o
ir_receive_event    0x2               IR_drivers/IR.o

Memory Configuration

Name             Origin             Length             Attributes
text             0x00000000         0x00020000         xr
data             0x00800060         0x0000ffa0         rw !x
eeprom           0x00810000         0x00010000         rw !x
fuse             0x00820000         0x00000400         rw !x
lock             0x00830000         0x00000400         rw !x
signature        0x00840000         0x00000400         rw !x
*default*        0x00000000         0xffffffff

Linker script and memory map

LOAD c:/program files (x86)/atmel/avr studio 5.0/avr toolchain/bin/../lib/gcc/avr/4.5.1/../../../../avr/lib/avr5/crtm32.o
LOAD Drivers/I2C.o
LOAD Drivers/lcd162.o
LOAD Drivers/uart.o
LOAD IR_drivers/IR.o
LOAD MEGA32_Infared.o
LOAD c:/program files (x86)/atmel/avr studio 5.0/avr toolchain/bin/../lib/gcc/avr/4.5.1/avr5\libgcc.a
LOAD c:/program files (x86)/atmel/avr studio 5.0/avr toolchain/bin/../lib/gcc/avr/4.5.1/../../../../avr/lib/avr5\libc.a
LOAD c:/program files (x86)/atmel/avr studio 5.0/avr toolchain/bin/../lib/gcc/avr/4.5.1/avr5\libgcc.a

.hash
 *(.hash)

.dynsym
 *(.dynsym)

.dynstr
 *(.dynstr)

.gnu.version
 *(.gnu.version)

.gnu.version_d
 *(.gnu.version_d)

.gnu.version_r
 *(.gnu.version_r)

.rel.init
 *(.rel.init)

.rela.init
 *(.rela.init)

.rel.text
 *(.rel.text)
 *(.rel.text.*)
 *(.rel.gnu.linkonce.t*)

.rela.text
 *(.rela.text)
 *(.rela.text.*)
 *(.rela.gnu.linkonce.t*)

.rel.fini
 *(.rel.fini)

.rela.fini
 *(.rela.fini)

.rel.rodata
 *(.rel.rodata)
 *(.rel.rodata.*)
 *(.rel.gnu.linkonce.r*)

.rela.rodata
 *(.rela.rodata)
 *(.rela.rodata.*)
 *(.rela.gnu.linkonce.r*)

.rel.data
 *(.rel.data)
 *(.rel.data.*)
 *(.rel.gnu.linkonce.d*)

.rela.data
 *(.rela.data)
 *(.rela.data.*)
 *(.rela.gnu.linkonce.d*)

.rel.ctors
 *(.rel.ctors)

.rela.ctors
 *(.rela.ctors)

.rel.dtors
 *(.rel.dtors)

.rela.dtors
 *(.rela.dtors)

.rel.got
 *(.rel.got)

.rela.got
 *(.rela.got)

.rel.bss
 *(.rel.bss)

.rela.bss
 *(.rela.bss)

.rel.plt
 *(.rel.plt)

.rela.plt
 *(.rela.plt)

.text           0x00000000     0x1ca2
 *(.vectors)
 .vectors       0x00000000       0x54 c:/program files (x86)/atmel/avr studio 5.0/avr toolchain/bin/../lib/gcc/avr/4.5.1/../../../../avr/lib/avr5/crtm32.o
                0x00000000                __vector_default
                0x00000000                __vectors
 *(.vectors)
 *(.progmem.gcc*)
 *(.progmem*)
                0x00000054                . = ALIGN (0x2)
                0x00000054                __trampolines_start = .
 *(.trampolines)
 .trampolines   0x00000054        0x0 linker stubs
 *(.trampolines*)
                0x00000054                __trampolines_end = .
 *(.jumptables)
 *(.jumptables*)
 *(.lowtext)
 *(.lowtext*)
                0x00000054                __ctors_start = .
 *(.ctors)
                0x00000054                __ctors_end = .
                0x00000054                __dtors_start = .
 *(.dtors)
                0x00000054                __dtors_end = .
 SORT(*)(.ctors)
 SORT(*)(.dtors)
 *(.init0)
 .init0         0x00000054        0x0 c:/program files (x86)/atmel/avr studio 5.0/avr toolchain/bin/../lib/gcc/avr/4.5.1/../../../../avr/lib/avr5/crtm32.o
                0x00000054                __init
 *(.init0)
 *(.init1)
 *(.init1)
 *(.init2)
 .init2         0x00000054        0xc c:/program files (x86)/atmel/avr studio 5.0/avr toolchain/bin/../lib/gcc/avr/4.5.1/../../../../avr/lib/avr5/crtm32.o
 *(.init2)
 *(.init3)
 *(.init3)
 *(.init4)
 .init4         0x00000060       0x10 c:/program files (x86)/atmel/avr studio 5.0/avr toolchain/bin/../lib/gcc/avr/4.5.1/avr5\libgcc.a(_clear_bss.o)
                0x00000060                __do_clear_bss
 .init4         0x00000070       0x16 c:/program files (x86)/atmel/avr studio 5.0/avr toolchain/bin/../lib/gcc/avr/4.5.1/avr5\libgcc.a(_copy_data.o)
                0x00000070                __do_copy_data
 *(.init4)
 *(.init5)
 *(.init5)
 *(.init6)
 *(.init6)
 *(.init7)
 *(.init7)
 *(.init8)
 *(.init8)
 *(.init9)
 .init9         0x00000086        0x8 c:/program files (x86)/atmel/avr studio 5.0/avr toolchain/bin/../lib/gcc/avr/4.5.1/../../../../avr/lib/avr5/crtm32.o
 *(.init9)
 *(.text)
 .text          0x0000008e        0x4 c:/program files (x86)/atmel/avr studio 5.0/avr toolchain/bin/../lib/gcc/avr/4.5.1/../../../../avr/lib/avr5/crtm32.o
                0x0000008e                __vector_12
                0x0000008e                __bad_interrupt
                0x0000008e                __vector_6
                0x0000008e                __vector_3
                0x0000008e                __vector_11
                0x0000008e                __vector_13
                0x0000008e                __vector_17
                0x0000008e                __vector_19
                0x0000008e                __vector_7
                0x0000008e                __vector_5
                0x0000008e                __vector_4
                0x0000008e                __vector_9
                0x0000008e                __vector_2
                0x0000008e                __vector_15
                0x0000008e                __vector_8
                0x0000008e                __vector_14
                0x0000008e                __vector_16
                0x0000008e                __vector_18
                0x0000008e                __vector_20
 .text          0x00000092       0xe4 Drivers/I2C.o
                0x00000092                i2c_init
                0x000000bc                i2c_start
                0x000000e2                i2c_write
                0x00000118                i2c_read
                0x0000015e                i2c_stop
 .text          0x00000176      0x816 Drivers/lcd162.o
                0x000002f8                LCDInit
                0x0000079e                LCDClear
                0x000007ba                LCDGotoXY
                0x000007f4                LCDDispChar
                0x0000080e                LCDDispString
                0x0000084c                LCDDispInteger
                0x00000892                LCDLoadUDC
                0x000008f6                LCDOnOffControl
                0x0000091c                LCDCursorLeft
                0x00000938                LCDCursorRight
                0x00000954                LCDShiftLeft
                0x00000970                LCDShiftRight
 .text          0x0000098c      0x1ec Drivers/uart.o
                0x0000098c                InitUART
                0x00000a86                CharReady
                0x00000a9e                ReadChar
                0x00000ac2                SendChar
                0x00000af6                SendString
                0x00000b32                SendInteger
 .text          0x00000b78      0x3ec IR_drivers/IR.o
                0x00000b78                ir_init
                0x00000bcc                ir_receive
                0x00000c1c                __vector_1
                0x00000d4e                __vector_10
                0x00000f56                invalid_input
 .text          0x00000f64        0xa MEGA32_Infared.o
                0x00000f64                main
 .text          0x00000f6e        0x0 c:/program files (x86)/atmel/avr studio 5.0/avr toolchain/bin/../lib/gcc/avr/4.5.1/avr5\libgcc.a(_udivmodsi4.o)
 .text          0x00000f6e        0x0 c:/program files (x86)/atmel/avr studio 5.0/avr toolchain/bin/../lib/gcc/avr/4.5.1/avr5\libgcc.a(_exit.o)
 .text          0x00000f6e        0x0 c:/program files (x86)/atmel/avr studio 5.0/avr toolchain/bin/../lib/gcc/avr/4.5.1/avr5\libgcc.a(_clear_bss.o)
 .text          0x00000f6e       0x58 c:/program files (x86)/atmel/avr studio 5.0/avr toolchain/bin/../lib/gcc/avr/4.5.1/avr5\libgcc.a(_fixunssfsi.o)
                0x00000f6e                __fixunssfsi
 .text          0x00000fc6      0x350 c:/program files (x86)/atmel/avr studio 5.0/avr toolchain/bin/../lib/gcc/avr/4.5.1/avr5\libgcc.a(_addsub_sf.o)
                0x0000125a                __addsf3
                0x000012b4                __subsf3
 .text          0x00001316      0x1f4 c:/program files (x86)/atmel/avr studio 5.0/avr toolchain/bin/../lib/gcc/avr/4.5.1/avr5\libgcc.a(_mul_sf.o)
                0x00001316                __mulsf3
 .text          0x0000150a       0x60 c:/program files (x86)/atmel/avr studio 5.0/avr toolchain/bin/../lib/gcc/avr/4.5.1/avr5\libgcc.a(_gt_sf.o)
                0x0000150a                __gtsf2
 .text          0x0000156a       0x60 c:/program files (x86)/atmel/avr studio 5.0/avr toolchain/bin/../lib/gcc/avr/4.5.1/avr5\libgcc.a(_ge_sf.o)
                0x0000156a                __gesf2
 .text          0x000015ca       0x60 c:/program files (x86)/atmel/avr studio 5.0/avr toolchain/bin/../lib/gcc/avr/4.5.1/avr5\libgcc.a(_lt_sf.o)
                0x000015ca                __ltsf2
 .text          0x0000162a       0xc0 c:/program files (x86)/atmel/avr studio 5.0/avr toolchain/bin/../lib/gcc/avr/4.5.1/avr5\libgcc.a(_si_to_sf.o)
                0x0000162a                __floatsisf
 .text          0x000016ea       0xa4 c:/program files (x86)/atmel/avr studio 5.0/avr toolchain/bin/../lib/gcc/avr/4.5.1/avr5\libgcc.a(_sf_to_si.o)
                0x000016ea                __fixsfsi
 .text          0x0000178e        0x0 c:/program files (x86)/atmel/avr studio 5.0/avr toolchain/bin/../lib/gcc/avr/4.5.1/avr5\libgcc.a(_thenan_sf.o)
 .text          0x0000178e        0x0 c:/program files (x86)/atmel/avr studio 5.0/avr toolchain/bin/../lib/gcc/avr/4.5.1/avr5\libgcc.a(_prologue.o)
 .text          0x0000178e        0x0 c:/program files (x86)/atmel/avr studio 5.0/avr toolchain/bin/../lib/gcc/avr/4.5.1/avr5\libgcc.a(_epilogue.o)
 .text          0x0000178e        0x0 c:/program files (x86)/atmel/avr studio 5.0/avr toolchain/bin/../lib/gcc/avr/4.5.1/avr5\libgcc.a(_copy_data.o)
 .text          0x0000178e       0xb4 c:/program files (x86)/atmel/avr studio 5.0/avr toolchain/bin/../lib/gcc/avr/4.5.1/avr5\libgcc.a(_clzsi2.o)
                0x0000178e                __clzsi2
 .text          0x00001842      0x19c c:/program files (x86)/atmel/avr studio 5.0/avr toolchain/bin/../lib/gcc/avr/4.5.1/avr5\libgcc.a(_pack_sf.o)
                0x00001842                __pack_f
 .text          0x000019de       0xd2 c:/program files (x86)/atmel/avr studio 5.0/avr toolchain/bin/../lib/gcc/avr/4.5.1/avr5\libgcc.a(_unpack_sf.o)
                0x000019de                __unpack_f
 .text          0x00001ab0       0xb2 c:/program files (x86)/atmel/avr studio 5.0/avr toolchain/bin/../lib/gcc/avr/4.5.1/avr5\libgcc.a(_fpcmp_parts_sf.o)
                0x00001ab0                __fpcmp_parts_f
 .text          0x00001b62        0x0 c:/program files (x86)/atmel/avr studio 5.0/avr toolchain/bin/../lib/gcc/avr/4.5.1/avr5\libgcc.a(_clz.o)
 .text          0x00001b62        0x0 c:/program files (x86)/atmel/avr studio 5.0/avr toolchain/bin/../lib/gcc/avr/4.5.1/../../../../avr/lib/avr5\libc.a(itoa.o)
 .text          0x00001b62        0x0 c:/program files (x86)/atmel/avr studio 5.0/avr toolchain/bin/../lib/gcc/avr/4.5.1/../../../../avr/lib/avr5\libc.a(strrev.o)
 .text          0x00001b62        0x0 c:/program files (x86)/atmel/avr studio 5.0/avr toolchain/bin/../lib/gcc/avr/4.5.1/avr5\libgcc.a(_udivmodhi4.o)
                0x00001b62                . = ALIGN (0x2)
 *(.text.*)
 .text.libgcc   0x00001b62       0x44 c:/program files (x86)/atmel/avr studio 5.0/avr toolchain/bin/../lib/gcc/avr/4.5.1/avr5\libgcc.a(_udivmodsi4.o)
                0x00001b62                __udivmodsi4
 .text.libgcc   0x00001ba6        0x0 c:/program files (x86)/atmel/avr studio 5.0/avr toolchain/bin/../lib/gcc/avr/4.5.1/avr5\libgcc.a(_exit.o)
 .text.libgcc   0x00001ba6        0x0 c:/program files (x86)/atmel/avr studio 5.0/avr toolchain/bin/../lib/gcc/avr/4.5.1/avr5\libgcc.a(_clear_bss.o)
 .text.libgcc   0x00001ba6       0x38 c:/program files (x86)/atmel/avr studio 5.0/avr toolchain/bin/../lib/gcc/avr/4.5.1/avr5\libgcc.a(_prologue.o)
                0x00001ba6                __prologue_saves__
 .text.libgcc   0x00001bde       0x36 c:/program files (x86)/atmel/avr studio 5.0/avr toolchain/bin/../lib/gcc/avr/4.5.1/avr5\libgcc.a(_epilogue.o)
                0x00001bde                __epilogue_restores__
 .text.libgcc   0x00001c14        0x0 c:/program files (x86)/atmel/avr studio 5.0/avr toolchain/bin/../lib/gcc/avr/4.5.1/avr5\libgcc.a(_copy_data.o)
 .text.avr-libc
                0x00001c14       0x42 c:/program files (x86)/atmel/avr studio 5.0/avr toolchain/bin/../lib/gcc/avr/4.5.1/../../../../avr/lib/avr5\libc.a(itoa.o)
                0x00001c14                itoa
 .text.avr-libc
                0x00001c56       0x20 c:/program files (x86)/atmel/avr studio 5.0/avr toolchain/bin/../lib/gcc/avr/4.5.1/../../../../avr/lib/avr5\libc.a(strrev.o)
                0x00001c56                strrev
 .text.libgcc   0x00001c76       0x28 c:/program files (x86)/atmel/avr studio 5.0/avr toolchain/bin/../lib/gcc/avr/4.5.1/avr5\libgcc.a(_udivmodhi4.o)
                0x00001c76                __udivmodhi4
                0x00001c9e                . = ALIGN (0x2)
 *(.fini9)
 .fini9         0x00001c9e        0x0 c:/program files (x86)/atmel/avr studio 5.0/avr toolchain/bin/../lib/gcc/avr/4.5.1/avr5\libgcc.a(_exit.o)
                0x00001c9e                _exit
                0x00001c9e                exit
 *(.fini9)
 *(.fini8)
 *(.fini8)
 *(.fini7)
 *(.fini7)
 *(.fini6)
 *(.fini6)
 *(.fini5)
 *(.fini5)
 *(.fini4)
 *(.fini4)
 *(.fini3)
 *(.fini3)
 *(.fini2)
 *(.fini2)
 *(.fini1)
 *(.fini1)
 *(.fini0)
 .fini0         0x00001c9e        0x4 c:/program files (x86)/atmel/avr studio 5.0/avr toolchain/bin/../lib/gcc/avr/4.5.1/avr5\libgcc.a(_exit.o)
 *(.fini0)
                0x00001ca2                _etext = .

.data           0x00800060      0x108 load address 0x00001ca2
                0x00800060                PROVIDE (__data_start, .)
 *(.data)
 .data          0x00800060        0x0 c:/program files (x86)/atmel/avr studio 5.0/avr toolchain/bin/../lib/gcc/avr/4.5.1/../../../../avr/lib/avr5/crtm32.o
 .data          0x00800060        0x0 Drivers/I2C.o
 .data          0x00800060        0x0 Drivers/lcd162.o
 .data          0x00800060        0x0 Drivers/uart.o
 .data          0x00800060        0x0 IR_drivers/IR.o
 .data          0x00800060        0x0 MEGA32_Infared.o
 .data          0x00800060        0x0 c:/program files (x86)/atmel/avr studio 5.0/avr toolchain/bin/../lib/gcc/avr/4.5.1/avr5\libgcc.a(_udivmodsi4.o)
 .data          0x00800060        0x0 c:/program files (x86)/atmel/avr studio 5.0/avr toolchain/bin/../lib/gcc/avr/4.5.1/avr5\libgcc.a(_exit.o)
 .data          0x00800060        0x0 c:/program files (x86)/atmel/avr studio 5.0/avr toolchain/bin/../lib/gcc/avr/4.5.1/avr5\libgcc.a(_clear_bss.o)
 .data          0x00800060        0x0 c:/program files (x86)/atmel/avr studio 5.0/avr toolchain/bin/../lib/gcc/avr/4.5.1/avr5\libgcc.a(_fixunssfsi.o)
 .data          0x00800060        0x0 c:/program files (x86)/atmel/avr studio 5.0/avr toolchain/bin/../lib/gcc/avr/4.5.1/avr5\libgcc.a(_addsub_sf.o)
 .data          0x00800060        0x0 c:/program files (x86)/atmel/avr studio 5.0/avr toolchain/bin/../lib/gcc/avr/4.5.1/avr5\libgcc.a(_mul_sf.o)
 .data          0x00800060        0x0 c:/program files (x86)/atmel/avr studio 5.0/avr toolchain/bin/../lib/gcc/avr/4.5.1/avr5\libgcc.a(_gt_sf.o)
 .data          0x00800060        0x0 c:/program files (x86)/atmel/avr studio 5.0/avr toolchain/bin/../lib/gcc/avr/4.5.1/avr5\libgcc.a(_ge_sf.o)
 .data          0x00800060        0x0 c:/program files (x86)/atmel/avr studio 5.0/avr toolchain/bin/../lib/gcc/avr/4.5.1/avr5\libgcc.a(_lt_sf.o)
 .data          0x00800060        0x0 c:/program files (x86)/atmel/avr studio 5.0/avr toolchain/bin/../lib/gcc/avr/4.5.1/avr5\libgcc.a(_si_to_sf.o)
 .data          0x00800060        0x0 c:/program files (x86)/atmel/avr studio 5.0/avr toolchain/bin/../lib/gcc/avr/4.5.1/avr5\libgcc.a(_sf_to_si.o)
 .data          0x00800060        0x8 c:/program files (x86)/atmel/avr studio 5.0/avr toolchain/bin/../lib/gcc/avr/4.5.1/avr5\libgcc.a(_thenan_sf.o)
                0x00800060                __thenan_sf
 .data          0x00800068        0x0 c:/program files (x86)/atmel/avr studio 5.0/avr toolchain/bin/../lib/gcc/avr/4.5.1/avr5\libgcc.a(_prologue.o)
 .data          0x00800068        0x0 c:/program files (x86)/atmel/avr studio 5.0/avr toolchain/bin/../lib/gcc/avr/4.5.1/avr5\libgcc.a(_epilogue.o)
 .data          0x00800068        0x0 c:/program files (x86)/atmel/avr studio 5.0/avr toolchain/bin/../lib/gcc/avr/4.5.1/avr5\libgcc.a(_copy_data.o)
 .data          0x00800068        0x0 c:/program files (x86)/atmel/avr studio 5.0/avr toolchain/bin/../lib/gcc/avr/4.5.1/avr5\libgcc.a(_clzsi2.o)
 .data          0x00800068        0x0 c:/program files (x86)/atmel/avr studio 5.0/avr toolchain/bin/../lib/gcc/avr/4.5.1/avr5\libgcc.a(_pack_sf.o)
 .data          0x00800068        0x0 c:/program files (x86)/atmel/avr studio 5.0/avr toolchain/bin/../lib/gcc/avr/4.5.1/avr5\libgcc.a(_unpack_sf.o)
 .data          0x00800068        0x0 c:/program files (x86)/atmel/avr studio 5.0/avr toolchain/bin/../lib/gcc/avr/4.5.1/avr5\libgcc.a(_fpcmp_parts_sf.o)
 .data          0x00800068      0x100 c:/program files (x86)/atmel/avr studio 5.0/avr toolchain/bin/../lib/gcc/avr/4.5.1/avr5\libgcc.a(_clz.o)
                0x00800068                __clz_tab
 .data          0x00800168        0x0 c:/program files (x86)/atmel/avr studio 5.0/avr toolchain/bin/../lib/gcc/avr/4.5.1/../../../../avr/lib/avr5\libc.a(itoa.o)
 .data          0x00800168        0x0 c:/program files (x86)/atmel/avr studio 5.0/avr toolchain/bin/../lib/gcc/avr/4.5.1/../../../../avr/lib/avr5\libc.a(strrev.o)
 .data          0x00800168        0x0 c:/program files (x86)/atmel/avr studio 5.0/avr toolchain/bin/../lib/gcc/avr/4.5.1/avr5\libgcc.a(_udivmodhi4.o)
 *(.data*)
 *(.rodata)
 *(.rodata*)
 *(.gnu.linkonce.d*)
                0x00800168                . = ALIGN (0x2)
                0x00800168                _edata = .
                0x00800168                PROVIDE (__data_end, .)

.bss            0x00800168        0xf
                0x00800168                PROVIDE (__bss_start, .)
 *(.bss)
 .bss           0x00800168        0x0 c:/program files (x86)/atmel/avr studio 5.0/avr toolchain/bin/../lib/gcc/avr/4.5.1/../../../../avr/lib/avr5/crtm32.o
 .bss           0x00800168        0x0 Drivers/I2C.o
 .bss           0x00800168        0x0 Drivers/lcd162.o
 .bss           0x00800168        0x0 Drivers/uart.o
 .bss           0x00800168        0x0 IR_drivers/IR.o
 .bss           0x00800168        0x0 MEGA32_Infared.o
 .bss           0x00800168        0x0 c:/program files (x86)/atmel/avr studio 5.0/avr toolchain/bin/../lib/gcc/avr/4.5.1/avr5\libgcc.a(_udivmodsi4.o)
 .bss           0x00800168        0x0 c:/program files (x86)/atmel/avr studio 5.0/avr toolchain/bin/../lib/gcc/avr/4.5.1/avr5\libgcc.a(_exit.o)
 .bss           0x00800168        0x0 c:/program files (x86)/atmel/avr studio 5.0/avr toolchain/bin/../lib/gcc/avr/4.5.1/avr5\libgcc.a(_clear_bss.o)
 .bss           0x00800168        0x0 c:/program files (x86)/atmel/avr studio 5.0/avr toolchain/bin/../lib/gcc/avr/4.5.1/avr5\libgcc.a(_fixunssfsi.o)
 .bss           0x00800168        0x0 c:/program files (x86)/atmel/avr studio 5.0/avr toolchain/bin/../lib/gcc/avr/4.5.1/avr5\libgcc.a(_addsub_sf.o)
 .bss           0x00800168        0x0 c:/program files (x86)/atmel/avr studio 5.0/avr toolchain/bin/../lib/gcc/avr/4.5.1/avr5\libgcc.a(_mul_sf.o)
 .bss           0x00800168        0x0 c:/program files (x86)/atmel/avr studio 5.0/avr toolchain/bin/../lib/gcc/avr/4.5.1/avr5\libgcc.a(_gt_sf.o)
 .bss           0x00800168        0x0 c:/program files (x86)/atmel/avr studio 5.0/avr toolchain/bin/../lib/gcc/avr/4.5.1/avr5\libgcc.a(_ge_sf.o)
 .bss           0x00800168        0x0 c:/program files (x86)/atmel/avr studio 5.0/avr toolchain/bin/../lib/gcc/avr/4.5.1/avr5\libgcc.a(_lt_sf.o)
 .bss           0x00800168        0x0 c:/program files (x86)/atmel/avr studio 5.0/avr toolchain/bin/../lib/gcc/avr/4.5.1/avr5\libgcc.a(_si_to_sf.o)
 .bss           0x00800168        0x0 c:/program files (x86)/atmel/avr studio 5.0/avr toolchain/bin/../lib/gcc/avr/4.5.1/avr5\libgcc.a(_sf_to_si.o)
 .bss           0x00800168        0x0 c:/program files (x86)/atmel/avr studio 5.0/avr toolchain/bin/../lib/gcc/avr/4.5.1/avr5\libgcc.a(_thenan_sf.o)
 .bss           0x00800168        0x0 c:/program files (x86)/atmel/avr studio 5.0/avr toolchain/bin/../lib/gcc/avr/4.5.1/avr5\libgcc.a(_prologue.o)
 .bss           0x00800168        0x0 c:/program files (x86)/atmel/avr studio 5.0/avr toolchain/bin/../lib/gcc/avr/4.5.1/avr5\libgcc.a(_epilogue.o)
 .bss           0x00800168        0x0 c:/program files (x86)/atmel/avr studio 5.0/avr toolchain/bin/../lib/gcc/avr/4.5.1/avr5\libgcc.a(_copy_data.o)
 .bss           0x00800168        0x0 c:/program files (x86)/atmel/avr studio 5.0/avr toolchain/bin/../lib/gcc/avr/4.5.1/avr5\libgcc.a(_clzsi2.o)
 .bss           0x00800168        0x0 c:/program files (x86)/atmel/avr studio 5.0/avr toolchain/bin/../lib/gcc/avr/4.5.1/avr5\libgcc.a(_pack_sf.o)
 .bss           0x00800168        0x0 c:/program files (x86)/atmel/avr studio 5.0/avr toolchain/bin/../lib/gcc/avr/4.5.1/avr5\libgcc.a(_unpack_sf.o)
 .bss           0x00800168        0x0 c:/program files (x86)/atmel/avr studio 5.0/avr toolchain/bin/../lib/gcc/avr/4.5.1/avr5\libgcc.a(_fpcmp_parts_sf.o)
 .bss           0x00800168        0x0 c:/program files (x86)/atmel/avr studio 5.0/avr toolchain/bin/../lib/gcc/avr/4.5.1/avr5\libgcc.a(_clz.o)
 .bss           0x00800168        0x0 c:/program files (x86)/atmel/avr studio 5.0/avr toolchain/bin/../lib/gcc/avr/4.5.1/../../../../avr/lib/avr5\libc.a(itoa.o)
 .bss           0x00800168        0x0 c:/program files (x86)/atmel/avr studio 5.0/avr toolchain/bin/../lib/gcc/avr/4.5.1/../../../../avr/lib/avr5\libc.a(strrev.o)
 .bss           0x00800168        0x0 c:/program files (x86)/atmel/avr studio 5.0/avr toolchain/bin/../lib/gcc/avr/4.5.1/avr5\libgcc.a(_udivmodhi4.o)
 *(.bss*)
 *(COMMON)
 COMMON         0x00800168        0xf IR_drivers/IR.o
                0x00800168                hold_bit
                0x00800169                first_start_bit
                0x0080016a                one_value_bit
                0x0080016b                input_state
                0x0080016c                half_bit_time
                0x0080016e                adr
                0x0080016f                three_quarter_bit_time
                0x00800171                zero_value_bit
                0x00800172                meaurering_count
                0x00800174                cmd
                0x00800175                ir_receive_event
                0x00800177                PROVIDE (__bss_end, .)
                0x00001ca2                __data_load_start = LOADADDR (.data)
                0x00001daa                __data_load_end = (__data_load_start + SIZEOF (.data))

.noinit         0x00800177        0x0
                0x00800177                PROVIDE (__noinit_start, .)
 *(.noinit*)
                0x00800177                PROVIDE (__noinit_end, .)
                0x00800177                _end = .
                0x00800177                PROVIDE (__heap_start, .)

.eeprom         0x00810000        0x0
 *(.eeprom*)
                0x00810000                __eeprom_end = .

.fuse
 *(.fuse)
 *(.lfuse)
 *(.hfuse)
 *(.efuse)

.lock
 *(.lock*)

.signature
 *(.signature*)

.stab           0x00000000      0x954
 *(.stab)
 .stab          0x00000000      0x6cc c:/program files (x86)/atmel/avr studio 5.0/avr toolchain/bin/../lib/gcc/avr/4.5.1/../../../../avr/lib/avr5/crtm32.o
 .stab          0x000006cc      0x1b0 c:/program files (x86)/atmel/avr studio 5.0/avr toolchain/bin/../lib/gcc/avr/4.5.1/../../../../avr/lib/avr5\libc.a(itoa.o)
                                0x1bc (size before relaxing)
 .stab          0x0000087c       0xd8 c:/program files (x86)/atmel/avr studio 5.0/avr toolchain/bin/../lib/gcc/avr/4.5.1/../../../../avr/lib/avr5\libc.a(strrev.o)
                                 0xe4 (size before relaxing)

.stabstr        0x00000000      0x14d
 *(.stabstr)
 .stabstr       0x00000000      0x14d c:/program files (x86)/atmel/avr studio 5.0/avr toolchain/bin/../lib/gcc/avr/4.5.1/../../../../avr/lib/avr5/crtm32.o

.stab.excl
 *(.stab.excl)

.stab.exclstr
 *(.stab.exclstr)

.stab.index
 *(.stab.index)

.stab.indexstr
 *(.stab.indexstr)

.comment
 *(.comment)

.debug
 *(.debug)

.line
 *(.line)

.debug_srcinfo
 *(.debug_srcinfo)

.debug_sfnames
 *(.debug_sfnames)

.debug_aranges  0x00000000      0x220
 *(.debug_aranges)
 .debug_aranges
                0x00000000       0x20 Drivers/I2C.o
 .debug_aranges
                0x00000020       0x20 Drivers/lcd162.o
 .debug_aranges
                0x00000040       0x20 Drivers/uart.o
 .debug_aranges
                0x00000060       0x20 IR_drivers/IR.o
 .debug_aranges
                0x00000080       0x20 MEGA32_Infared.o
 .debug_aranges
                0x000000a0       0x20 c:/program files (x86)/atmel/avr studio 5.0/avr toolchain/bin/../lib/gcc/avr/4.5.1/avr5\libgcc.a(_fixunssfsi.o)
 .debug_aranges
                0x000000c0       0x20 c:/program files (x86)/atmel/avr studio 5.0/avr toolchain/bin/../lib/gcc/avr/4.5.1/avr5\libgcc.a(_addsub_sf.o)
 .debug_aranges
                0x000000e0       0x20 c:/program files (x86)/atmel/avr studio 5.0/avr toolchain/bin/../lib/gcc/avr/4.5.1/avr5\libgcc.a(_mul_sf.o)
 .debug_aranges
                0x00000100       0x20 c:/program files (x86)/atmel/avr studio 5.0/avr toolchain/bin/../lib/gcc/avr/4.5.1/avr5\libgcc.a(_gt_sf.o)
 .debug_aranges
                0x00000120       0x20 c:/program files (x86)/atmel/avr studio 5.0/avr toolchain/bin/../lib/gcc/avr/4.5.1/avr5\libgcc.a(_ge_sf.o)
 .debug_aranges
                0x00000140       0x20 c:/program files (x86)/atmel/avr studio 5.0/avr toolchain/bin/../lib/gcc/avr/4.5.1/avr5\libgcc.a(_lt_sf.o)
 .debug_aranges
                0x00000160       0x20 c:/program files (x86)/atmel/avr studio 5.0/avr toolchain/bin/../lib/gcc/avr/4.5.1/avr5\libgcc.a(_si_to_sf.o)
 .debug_aranges
                0x00000180       0x20 c:/program files (x86)/atmel/avr studio 5.0/avr toolchain/bin/../lib/gcc/avr/4.5.1/avr5\libgcc.a(_sf_to_si.o)
 .debug_aranges
                0x000001a0       0x20 c:/program files (x86)/atmel/avr studio 5.0/avr toolchain/bin/../lib/gcc/avr/4.5.1/avr5\libgcc.a(_clzsi2.o)
 .debug_aranges
                0x000001c0       0x20 c:/program files (x86)/atmel/avr studio 5.0/avr toolchain/bin/../lib/gcc/avr/4.5.1/avr5\libgcc.a(_pack_sf.o)
 .debug_aranges
                0x000001e0       0x20 c:/program files (x86)/atmel/avr studio 5.0/avr toolchain/bin/../lib/gcc/avr/4.5.1/avr5\libgcc.a(_unpack_sf.o)
 .debug_aranges
                0x00000200       0x20 c:/program files (x86)/atmel/avr studio 5.0/avr toolchain/bin/../lib/gcc/avr/4.5.1/avr5\libgcc.a(_fpcmp_parts_sf.o)

.debug_pubnames
                0x00000000      0x49b
 *(.debug_pubnames)
 .debug_pubnames
                0x00000000       0x55 Drivers/I2C.o
 .debug_pubnames
                0x00000055       0xd9 Drivers/lcd162.o
 .debug_pubnames
                0x0000012e       0x66 Drivers/uart.o
 .debug_pubnames
                0x00000194      0x11b IR_drivers/IR.o
 .debug_pubnames
                0x000002af       0x1b MEGA32_Infared.o
 .debug_pubnames
                0x000002ca       0x23 c:/program files (x86)/atmel/avr studio 5.0/avr toolchain/bin/../lib/gcc/avr/4.5.1/avr5\libgcc.a(_fixunssfsi.o)
 .debug_pubnames
                0x000002ed       0x2c c:/program files (x86)/atmel/avr studio 5.0/avr toolchain/bin/../lib/gcc/avr/4.5.1/avr5\libgcc.a(_addsub_sf.o)
 .debug_pubnames
                0x00000319       0x1f c:/program files (x86)/atmel/avr studio 5.0/avr toolchain/bin/../lib/gcc/avr/4.5.1/avr5\libgcc.a(_mul_sf.o)
 .debug_pubnames
                0x00000338       0x1e c:/program files (x86)/atmel/avr studio 5.0/avr toolchain/bin/../lib/gcc/avr/4.5.1/avr5\libgcc.a(_gt_sf.o)
 .debug_pubnames
                0x00000356       0x1e c:/program files (x86)/atmel/avr studio 5.0/avr toolchain/bin/../lib/gcc/avr/4.5.1/avr5\libgcc.a(_ge_sf.o)
 .debug_pubnames
                0x00000374       0x1e c:/program files (x86)/atmel/avr studio 5.0/avr toolchain/bin/../lib/gcc/avr/4.5.1/avr5\libgcc.a(_lt_sf.o)
 .debug_pubnames
                0x00000392       0x22 c:/program files (x86)/atmel/avr studio 5.0/avr toolchain/bin/../lib/gcc/avr/4.5.1/avr5\libgcc.a(_si_to_sf.o)
 .debug_pubnames
                0x000003b4       0x20 c:/program files (x86)/atmel/avr studio 5.0/avr toolchain/bin/../lib/gcc/avr/4.5.1/avr5\libgcc.a(_sf_to_si.o)
 .debug_pubnames
                0x000003d4       0x22 c:/program files (x86)/atmel/avr studio 5.0/avr toolchain/bin/../lib/gcc/avr/4.5.1/avr5\libgcc.a(_thenan_sf.o)
 .debug_pubnames
                0x000003f6       0x1f c:/program files (x86)/atmel/avr studio 5.0/avr toolchain/bin/../lib/gcc/avr/4.5.1/avr5\libgcc.a(_clzsi2.o)
 .debug_pubnames
                0x00000415       0x1f c:/program files (x86)/atmel/avr studio 5.0/avr toolchain/bin/../lib/gcc/avr/4.5.1/avr5\libgcc.a(_pack_sf.o)
 .debug_pubnames
                0x00000434       0x21 c:/program files (x86)/atmel/avr studio 5.0/avr toolchain/bin/../lib/gcc/avr/4.5.1/avr5\libgcc.a(_unpack_sf.o)
 .debug_pubnames
                0x00000455       0x26 c:/program files (x86)/atmel/avr studio 5.0/avr toolchain/bin/../lib/gcc/avr/4.5.1/avr5\libgcc.a(_fpcmp_parts_sf.o)
 .debug_pubnames
                0x0000047b       0x20 c:/program files (x86)/atmel/avr studio 5.0/avr toolchain/bin/../lib/gcc/avr/4.5.1/avr5\libgcc.a(_clz.o)

.debug_info     0x00000000     0x2adc
 *(.debug_info)
 .debug_info    0x00000000       0xf9 Drivers/I2C.o
 .debug_info    0x000000f9      0x552 Drivers/lcd162.o
 .debug_info    0x0000064b      0x17b Drivers/uart.o
 .debug_info    0x000007c6      0x2d9 IR_drivers/IR.o
 .debug_info    0x00000a9f       0x77 MEGA32_Infared.o
 .debug_info    0x00000b16       0xbd c:/program files (x86)/atmel/avr studio 5.0/avr toolchain/bin/../lib/gcc/avr/4.5.1/avr5\libgcc.a(_fixunssfsi.o)
 .debug_info    0x00000bd3      0x455 c:/program files (x86)/atmel/avr studio 5.0/avr toolchain/bin/../lib/gcc/avr/4.5.1/avr5\libgcc.a(_addsub_sf.o)
 .debug_info    0x00001028      0x3ec c:/program files (x86)/atmel/avr studio 5.0/avr toolchain/bin/../lib/gcc/avr/4.5.1/avr5\libgcc.a(_mul_sf.o)
 .debug_info    0x00001414      0x28a c:/program files (x86)/atmel/avr studio 5.0/avr toolchain/bin/../lib/gcc/avr/4.5.1/avr5\libgcc.a(_gt_sf.o)
 .debug_info    0x0000169e      0x28a c:/program files (x86)/atmel/avr studio 5.0/avr toolchain/bin/../lib/gcc/avr/4.5.1/avr5\libgcc.a(_ge_sf.o)
 .debug_info    0x00001928      0x28a c:/program files (x86)/atmel/avr studio 5.0/avr toolchain/bin/../lib/gcc/avr/4.5.1/avr5\libgcc.a(_lt_sf.o)
 .debug_info    0x00001bb2      0x22f c:/program files (x86)/atmel/avr studio 5.0/avr toolchain/bin/../lib/gcc/avr/4.5.1/avr5\libgcc.a(_si_to_sf.o)
 .debug_info    0x00001de1      0x2a5 c:/program files (x86)/atmel/avr studio 5.0/avr toolchain/bin/../lib/gcc/avr/4.5.1/avr5\libgcc.a(_sf_to_si.o)
 .debug_info    0x00002086      0x15e c:/program files (x86)/atmel/avr studio 5.0/avr toolchain/bin/../lib/gcc/avr/4.5.1/avr5\libgcc.a(_thenan_sf.o)
 .debug_info    0x000021e4      0x12c c:/program files (x86)/atmel/avr studio 5.0/avr toolchain/bin/../lib/gcc/avr/4.5.1/avr5\libgcc.a(_clzsi2.o)
 .debug_info    0x00002310      0x2d9 c:/program files (x86)/atmel/avr studio 5.0/avr toolchain/bin/../lib/gcc/avr/4.5.1/avr5\libgcc.a(_pack_sf.o)
 .debug_info    0x000025e9      0x25c c:/program files (x86)/atmel/avr studio 5.0/avr toolchain/bin/../lib/gcc/avr/4.5.1/avr5\libgcc.a(_unpack_sf.o)
 .debug_info    0x00002845      0x1f1 c:/program files (x86)/atmel/avr studio 5.0/avr toolchain/bin/../lib/gcc/avr/4.5.1/avr5\libgcc.a(_fpcmp_parts_sf.o)
 .debug_info    0x00002a36       0xa6 c:/program files (x86)/atmel/avr studio 5.0/avr toolchain/bin/../lib/gcc/avr/4.5.1/avr5\libgcc.a(_clz.o)
 *(.gnu.linkonce.wi.*)

.debug_abbrev   0x00000000     0x1474
 *(.debug_abbrev)
 .debug_abbrev  0x00000000       0x89 Drivers/I2C.o
 .debug_abbrev  0x00000089      0x197 Drivers/lcd162.o
 .debug_abbrev  0x00000220       0xa9 Drivers/uart.o
 .debug_abbrev  0x000002c9       0xfb IR_drivers/IR.o
 .debug_abbrev  0x000003c4       0x41 MEGA32_Infared.o
 .debug_abbrev  0x00000405       0x5d c:/program files (x86)/atmel/avr studio 5.0/avr toolchain/bin/../lib/gcc/avr/4.5.1/avr5\libgcc.a(_fixunssfsi.o)
 .debug_abbrev  0x00000462      0x1af c:/program files (x86)/atmel/avr studio 5.0/avr toolchain/bin/../lib/gcc/avr/4.5.1/avr5\libgcc.a(_addsub_sf.o)
 .debug_abbrev  0x00000611      0x1d9 c:/program files (x86)/atmel/avr studio 5.0/avr toolchain/bin/../lib/gcc/avr/4.5.1/avr5\libgcc.a(_mul_sf.o)
 .debug_abbrev  0x000007ea      0x151 c:/program files (x86)/atmel/avr studio 5.0/avr toolchain/bin/../lib/gcc/avr/4.5.1/avr5\libgcc.a(_gt_sf.o)
 .debug_abbrev  0x0000093b      0x151 c:/program files (x86)/atmel/avr studio 5.0/avr toolchain/bin/../lib/gcc/avr/4.5.1/avr5\libgcc.a(_ge_sf.o)
 .debug_abbrev  0x00000a8c      0x151 c:/program files (x86)/atmel/avr studio 5.0/avr toolchain/bin/../lib/gcc/avr/4.5.1/avr5\libgcc.a(_lt_sf.o)
 .debug_abbrev  0x00000bdd      0x162 c:/program files (x86)/atmel/avr studio 5.0/avr toolchain/bin/../lib/gcc/avr/4.5.1/avr5\libgcc.a(_si_to_sf.o)
 .debug_abbrev  0x00000d3f      0x160 c:/program files (x86)/atmel/avr studio 5.0/avr toolchain/bin/../lib/gcc/avr/4.5.1/avr5\libgcc.a(_sf_to_si.o)
 .debug_abbrev  0x00000e9f       0xcb c:/program files (x86)/atmel/avr studio 5.0/avr toolchain/bin/../lib/gcc/avr/4.5.1/avr5\libgcc.a(_thenan_sf.o)
 .debug_abbrev  0x00000f6a       0xce c:/program files (x86)/atmel/avr studio 5.0/avr toolchain/bin/../lib/gcc/avr/4.5.1/avr5\libgcc.a(_clzsi2.o)
 .debug_abbrev  0x00001038      0x185 c:/program files (x86)/atmel/avr studio 5.0/avr toolchain/bin/../lib/gcc/avr/4.5.1/avr5\libgcc.a(_pack_sf.o)
 .debug_abbrev  0x000011bd      0x14b c:/program files (x86)/atmel/avr studio 5.0/avr toolchain/bin/../lib/gcc/avr/4.5.1/avr5\libgcc.a(_unpack_sf.o)
 .debug_abbrev  0x00001308      0x10b c:/program files (x86)/atmel/avr studio 5.0/avr toolchain/bin/../lib/gcc/avr/4.5.1/avr5\libgcc.a(_fpcmp_parts_sf.o)
 .debug_abbrev  0x00001413       0x61 c:/program files (x86)/atmel/avr studio 5.0/avr toolchain/bin/../lib/gcc/avr/4.5.1/avr5\libgcc.a(_clz.o)

.debug_line     0x00000000     0x1ff9
 *(.debug_line)
 .debug_line    0x00000000      0x1a1 Drivers/I2C.o
 .debug_line    0x000001a1      0x666 Drivers/lcd162.o
 .debug_line    0x00000807      0x1d2 Drivers/uart.o
 .debug_line    0x000009d9      0x2bb IR_drivers/IR.o
 .debug_line    0x00000c94       0x67 MEGA32_Infared.o
 .debug_line    0x00000cfb       0xc9 c:/program files (x86)/atmel/avr studio 5.0/avr toolchain/bin/../lib/gcc/avr/4.5.1/avr5\libgcc.a(_fixunssfsi.o)
 .debug_line    0x00000dc4      0x2ee c:/program files (x86)/atmel/avr studio 5.0/avr toolchain/bin/../lib/gcc/avr/4.5.1/avr5\libgcc.a(_addsub_sf.o)
 .debug_line    0x000010b2      0x28a c:/program files (x86)/atmel/avr studio 5.0/avr toolchain/bin/../lib/gcc/avr/4.5.1/avr5\libgcc.a(_mul_sf.o)
 .debug_line    0x0000133c      0x105 c:/program files (x86)/atmel/avr studio 5.0/avr toolchain/bin/../lib/gcc/avr/4.5.1/avr5\libgcc.a(_gt_sf.o)
 .debug_line    0x00001441      0x105 c:/program files (x86)/atmel/avr studio 5.0/avr toolchain/bin/../lib/gcc/avr/4.5.1/avr5\libgcc.a(_ge_sf.o)
 .debug_line    0x00001546      0x105 c:/program files (x86)/atmel/avr studio 5.0/avr toolchain/bin/../lib/gcc/avr/4.5.1/avr5\libgcc.a(_lt_sf.o)
 .debug_line    0x0000164b      0x14d c:/program files (x86)/atmel/avr studio 5.0/avr toolchain/bin/../lib/gcc/avr/4.5.1/avr5\libgcc.a(_si_to_sf.o)
 .debug_line    0x00001798      0x13f c:/program files (x86)/atmel/avr studio 5.0/avr toolchain/bin/../lib/gcc/avr/4.5.1/avr5\libgcc.a(_sf_to_si.o)
 .debug_line    0x000018d7       0xb2 c:/program files (x86)/atmel/avr studio 5.0/avr toolchain/bin/../lib/gcc/avr/4.5.1/avr5\libgcc.a(_thenan_sf.o)
 .debug_line    0x00001989       0xef c:/program files (x86)/atmel/avr studio 5.0/avr toolchain/bin/../lib/gcc/avr/4.5.1/avr5\libgcc.a(_clzsi2.o)
 .debug_line    0x00001a78      0x1f5 c:/program files (x86)/atmel/avr studio 5.0/avr toolchain/bin/../lib/gcc/avr/4.5.1/avr5\libgcc.a(_pack_sf.o)
 .debug_line    0x00001c6d      0x175 c:/program files (x86)/atmel/avr studio 5.0/avr toolchain/bin/../lib/gcc/avr/4.5.1/avr5\libgcc.a(_unpack_sf.o)
 .debug_line    0x00001de2      0x179 c:/program files (x86)/atmel/avr studio 5.0/avr toolchain/bin/../lib/gcc/avr/4.5.1/avr5\libgcc.a(_fpcmp_parts_sf.o)
 .debug_line    0x00001f5b       0x9e c:/program files (x86)/atmel/avr studio 5.0/avr toolchain/bin/../lib/gcc/avr/4.5.1/avr5\libgcc.a(_clz.o)

.debug_frame    0x00000000      0x410
 *(.debug_frame)
 .debug_frame   0x00000000       0x60 Drivers/I2C.o
 .debug_frame   0x00000060      0x120 Drivers/lcd162.o
 .debug_frame   0x00000180       0x70 Drivers/uart.o
 .debug_frame   0x000001f0       0x60 IR_drivers/IR.o
 .debug_frame   0x00000250       0x20 MEGA32_Infared.o
 .debug_frame   0x00000270       0x20 c:/program files (x86)/atmel/avr studio 5.0/avr toolchain/bin/../lib/gcc/avr/4.5.1/avr5\libgcc.a(_fixunssfsi.o)
 .debug_frame   0x00000290       0x40 c:/program files (x86)/atmel/avr studio 5.0/avr toolchain/bin/../lib/gcc/avr/4.5.1/avr5\libgcc.a(_addsub_sf.o)
 .debug_frame   0x000002d0       0x20 c:/program files (x86)/atmel/avr studio 5.0/avr toolchain/bin/../lib/gcc/avr/4.5.1/avr5\libgcc.a(_mul_sf.o)
 .debug_frame   0x000002f0       0x20 c:/program files (x86)/atmel/avr studio 5.0/avr toolchain/bin/../lib/gcc/avr/4.5.1/avr5\libgcc.a(_gt_sf.o)
 .debug_frame   0x00000310       0x20 c:/program files (x86)/atmel/avr studio 5.0/avr toolchain/bin/../lib/gcc/avr/4.5.1/avr5\libgcc.a(_ge_sf.o)
 .debug_frame   0x00000330       0x20 c:/program files (x86)/atmel/avr studio 5.0/avr toolchain/bin/../lib/gcc/avr/4.5.1/avr5\libgcc.a(_lt_sf.o)
 .debug_frame   0x00000350       0x20 c:/program files (x86)/atmel/avr studio 5.0/avr toolchain/bin/../lib/gcc/avr/4.5.1/avr5\libgcc.a(_si_to_sf.o)
 .debug_frame   0x00000370       0x20 c:/program files (x86)/atmel/avr studio 5.0/avr toolchain/bin/../lib/gcc/avr/4.5.1/avr5\libgcc.a(_sf_to_si.o)
 .debug_frame   0x00000390       0x20 c:/program files (x86)/atmel/avr studio 5.0/avr toolchain/bin/../lib/gcc/avr/4.5.1/avr5\libgcc.a(_clzsi2.o)
 .debug_frame   0x000003b0       0x20 c:/program files (x86)/atmel/avr studio 5.0/avr toolchain/bin/../lib/gcc/avr/4.5.1/avr5\libgcc.a(_pack_sf.o)
 .debug_frame   0x000003d0       0x20 c:/program files (x86)/atmel/avr studio 5.0/avr toolchain/bin/../lib/gcc/avr/4.5.1/avr5\libgcc.a(_unpack_sf.o)
 .debug_frame   0x000003f0       0x20 c:/program files (x86)/atmel/avr studio 5.0/avr toolchain/bin/../lib/gcc/avr/4.5.1/avr5\libgcc.a(_fpcmp_parts_sf.o)

.debug_str      0x00000000      0x6eb
 *(.debug_str)
 .debug_str     0x00000000       0xee Drivers/I2C.o
                                0x122 (size before relaxing)
 .debug_str     0x000000ee      0x16d Drivers/lcd162.o
                                0x24d (size before relaxing)
 .debug_str     0x0000025b       0x75 Drivers/uart.o
                                0x157 (size before relaxing)
 .debug_str     0x000002d0      0x122 IR_drivers/IR.o
                                0x20f (size before relaxing)
 .debug_str     0x000003f2       0x1b MEGA32_Infared.o
                                 0xe9 (size before relaxing)
 .debug_str     0x0000040d       0xd7 c:/program files (x86)/atmel/avr studio 5.0/avr toolchain/bin/../lib/gcc/avr/4.5.1/avr5\libgcc.a(_fixunssfsi.o)
                                0x15c (size before relaxing)
 .debug_str     0x000004e4      0x155 c:/program files (x86)/atmel/avr studio 5.0/avr toolchain/bin/../lib/gcc/avr/4.5.1/avr5\libgcc.a(_addsub_sf.o)
                                0x243 (size before relaxing)
 .debug_str     0x00000639       0x27 c:/program files (x86)/atmel/avr studio 5.0/avr toolchain/bin/../lib/gcc/avr/4.5.1/avr5\libgcc.a(_mul_sf.o)
                                0x1fc (size before relaxing)
 .debug_str     0x00000660        0x8 c:/program files (x86)/atmel/avr studio 5.0/avr toolchain/bin/../lib/gcc/avr/4.5.1/avr5\libgcc.a(_gt_sf.o)
                                0x1ca (size before relaxing)
 .debug_str     0x00000668        0x8 c:/program files (x86)/atmel/avr studio 5.0/avr toolchain/bin/../lib/gcc/avr/4.5.1/avr5\libgcc.a(_ge_sf.o)
                                0x1ca (size before relaxing)
 .debug_str     0x00000670        0x8 c:/program files (x86)/atmel/avr studio 5.0/avr toolchain/bin/../lib/gcc/avr/4.5.1/avr5\libgcc.a(_lt_sf.o)
                                0x1ca (size before relaxing)
 .debug_str     0x00000678       0x27 c:/program files (x86)/atmel/avr studio 5.0/avr toolchain/bin/../lib/gcc/avr/4.5.1/avr5\libgcc.a(_si_to_sf.o)
                                0x1b9 (size before relaxing)
 .debug_str     0x0000069f        0xa c:/program files (x86)/atmel/avr studio 5.0/avr toolchain/bin/../lib/gcc/avr/4.5.1/avr5\libgcc.a(_sf_to_si.o)
                                0x1d3 (size before relaxing)
 .debug_str     0x00000000      0x175 c:/program files (x86)/atmel/avr studio 5.0/avr toolchain/bin/../lib/gcc/avr/4.5.1/avr5\libgcc.a(_thenan_sf.o)
 .debug_str     0x000006a9       0x17 c:/program files (x86)/atmel/avr studio 5.0/avr toolchain/bin/../lib/gcc/avr/4.5.1/avr5\libgcc.a(_clzsi2.o)
                                0x168 (size before relaxing)
 .debug_str     0x000006c0       0x10 c:/program files (x86)/atmel/avr studio 5.0/avr toolchain/bin/../lib/gcc/avr/4.5.1/avr5\libgcc.a(_pack_sf.o)
                                0x1d2 (size before relaxing)
 .debug_str     0x000006d0        0xb c:/program files (x86)/atmel/avr studio 5.0/avr toolchain/bin/../lib/gcc/avr/4.5.1/avr5\libgcc.a(_unpack_sf.o)
                                0x1b4 (size before relaxing)
 .debug_str     0x000006db       0x10 c:/program files (x86)/atmel/avr studio 5.0/avr toolchain/bin/../lib/gcc/avr/4.5.1/avr5\libgcc.a(_fpcmp_parts_sf.o)
                                0x198 (size before relaxing)
 .debug_str     0x00000000      0x14b c:/program files (x86)/atmel/avr studio 5.0/avr toolchain/bin/../lib/gcc/avr/4.5.1/avr5\libgcc.a(_clz.o)

.debug_loc      0x00000000      0xbdf
 *(.debug_loc)
 .debug_loc     0x00000000       0x34 c:/program files (x86)/atmel/avr studio 5.0/avr toolchain/bin/../lib/gcc/avr/4.5.1/avr5\libgcc.a(_fixunssfsi.o)
 .debug_loc     0x00000034      0x31d c:/program files (x86)/atmel/avr studio 5.0/avr toolchain/bin/../lib/gcc/avr/4.5.1/avr5\libgcc.a(_addsub_sf.o)
 .debug_loc     0x00000351      0x2a4 c:/program files (x86)/atmel/avr studio 5.0/avr toolchain/bin/../lib/gcc/avr/4.5.1/avr5\libgcc.a(_mul_sf.o)
 .debug_loc     0x000005f5       0x48 c:/program files (x86)/atmel/avr studio 5.0/avr toolchain/bin/../lib/gcc/avr/4.5.1/avr5\libgcc.a(_gt_sf.o)
 .debug_loc     0x0000063d       0x48 c:/program files (x86)/atmel/avr studio 5.0/avr toolchain/bin/../lib/gcc/avr/4.5.1/avr5\libgcc.a(_ge_sf.o)
 .debug_loc     0x00000685       0x48 c:/program files (x86)/atmel/avr studio 5.0/avr toolchain/bin/../lib/gcc/avr/4.5.1/avr5\libgcc.a(_lt_sf.o)
 .debug_loc     0x000006cd       0xb4 c:/program files (x86)/atmel/avr studio 5.0/avr toolchain/bin/../lib/gcc/avr/4.5.1/avr5\libgcc.a(_si_to_sf.o)
 .debug_loc     0x00000781       0x56 c:/program files (x86)/atmel/avr studio 5.0/avr toolchain/bin/../lib/gcc/avr/4.5.1/avr5\libgcc.a(_sf_to_si.o)
 .debug_loc     0x000007d7       0xb2 c:/program files (x86)/atmel/avr studio 5.0/avr toolchain/bin/../lib/gcc/avr/4.5.1/avr5\libgcc.a(_clzsi2.o)
 .debug_loc     0x00000889      0x1f5 c:/program files (x86)/atmel/avr studio 5.0/avr toolchain/bin/../lib/gcc/avr/4.5.1/avr5\libgcc.a(_pack_sf.o)
 .debug_loc     0x00000a7e      0x111 c:/program files (x86)/atmel/avr studio 5.0/avr toolchain/bin/../lib/gcc/avr/4.5.1/avr5\libgcc.a(_unpack_sf.o)
 .debug_loc     0x00000b8f       0x50 c:/program files (x86)/atmel/avr studio 5.0/avr toolchain/bin/../lib/gcc/avr/4.5.1/avr5\libgcc.a(_fpcmp_parts_sf.o)

.debug_macinfo
 *(.debug_macinfo)
OUTPUT(MEGA32_Infared.elf elf32-avr)
LOAD linker stubs

.debug_pubtypes
                0x00000000      0x6d5
 .debug_pubtypes
                0x00000000       0x1e Drivers/I2C.o
 .debug_pubtypes
                0x0000001e       0x2b Drivers/lcd162.o
 .debug_pubtypes
                0x00000049       0x1e Drivers/uart.o
 .debug_pubtypes
                0x00000067       0x2e IR_drivers/IR.o
 .debug_pubtypes
                0x00000095       0x12 MEGA32_Infared.o
 .debug_pubtypes
                0x000000a7       0x34 c:/program files (x86)/atmel/avr studio 5.0/avr toolchain/bin/../lib/gcc/avr/4.5.1/avr5\libgcc.a(_fixunssfsi.o)
 .debug_pubtypes
                0x000000db       0x9d c:/program files (x86)/atmel/avr studio 5.0/avr toolchain/bin/../lib/gcc/avr/4.5.1/avr5\libgcc.a(_addsub_sf.o)
 .debug_pubtypes
                0x00000178       0x86 c:/program files (x86)/atmel/avr studio 5.0/avr toolchain/bin/../lib/gcc/avr/4.5.1/avr5\libgcc.a(_mul_sf.o)
 .debug_pubtypes
                0x000001fe       0x91 c:/program files (x86)/atmel/avr studio 5.0/avr toolchain/bin/../lib/gcc/avr/4.5.1/avr5\libgcc.a(_gt_sf.o)
 .debug_pubtypes
                0x0000028f       0x91 c:/program files (x86)/atmel/avr studio 5.0/avr toolchain/bin/../lib/gcc/avr/4.5.1/avr5\libgcc.a(_ge_sf.o)
 .debug_pubtypes
                0x00000320       0x91 c:/program files (x86)/atmel/avr studio 5.0/avr toolchain/bin/../lib/gcc/avr/4.5.1/avr5\libgcc.a(_lt_sf.o)
 .debug_pubtypes
                0x000003b1       0x7e c:/program files (x86)/atmel/avr studio 5.0/avr toolchain/bin/../lib/gcc/avr/4.5.1/avr5\libgcc.a(_si_to_sf.o)
 .debug_pubtypes
                0x0000042f       0x91 c:/program files (x86)/atmel/avr studio 5.0/avr toolchain/bin/../lib/gcc/avr/4.5.1/avr5\libgcc.a(_sf_to_si.o)
 .debug_pubtypes
                0x000004c0       0x5b c:/program files (x86)/atmel/avr studio 5.0/avr toolchain/bin/../lib/gcc/avr/4.5.1/avr5\libgcc.a(_thenan_sf.o)
 .debug_pubtypes
                0x0000051b       0x35 c:/program files (x86)/atmel/avr studio 5.0/avr toolchain/bin/../lib/gcc/avr/4.5.1/avr5\libgcc.a(_clzsi2.o)
 .debug_pubtypes
                0x00000550       0x86 c:/program files (x86)/atmel/avr studio 5.0/avr toolchain/bin/../lib/gcc/avr/4.5.1/avr5\libgcc.a(_pack_sf.o)
 .debug_pubtypes
                0x000005d6       0x86 c:/program files (x86)/atmel/avr studio 5.0/avr toolchain/bin/../lib/gcc/avr/4.5.1/avr5\libgcc.a(_unpack_sf.o)
 .debug_pubtypes
                0x0000065c       0x5b c:/program files (x86)/atmel/avr studio 5.0/avr toolchain/bin/../lib/gcc/avr/4.5.1/avr5\libgcc.a(_fpcmp_parts_sf.o)
 .debug_pubtypes
                0x000006b7       0x1e c:/program files (x86)/atmel/avr studio 5.0/avr toolchain/bin/../lib/gcc/avr/4.5.1/avr5\libgcc.a(_clz.o)

.debug_ranges   0x00000000       0x48
 .debug_ranges  0x00000000       0x30 c:/program files (x86)/atmel/avr studio 5.0/avr toolchain/bin/../lib/gcc/avr/4.5.1/avr5\libgcc.a(_mul_sf.o)
 .debug_ranges  0x00000030       0x18 c:/program files (x86)/atmel/avr studio 5.0/avr toolchain/bin/../lib/gcc/avr/4.5.1/avr5\libgcc.a(_si_to_sf.o)
